unsigned char tests_xxxd_inputs_all_zeros_bin[] = {
  0,0,0,0,0,0,0,0,0,0,0,0,
  0,0,0,0,0,0,0,0,0,0,0,0,
  0,0,0,0,0,0,0,0,0,0,0,0,
  0,0,0,0
};
unsigned int tests_xxxd_inputs_all_zeros_bin_len = 40;
