unsigned char tests_xxxd_inputs_empty_bin[] = {
};
unsigned int tests_xxxd_inputs_empty_bin_len = 0;
