unsigned char tests_xxxd_inputs_zeros_in_middle_bin[] = {
  72,101,97,100,101,114,10,0,0,0,0,0,
  0,0,0,0,0,0,0,0,0,0,0,0,
  0,0,0,0,0,0,0,0,0,0,0,0,
  0,0,0,0,0,0,0,0,0,0,0,70,
  111,111,116,101,114,10
};
unsigned int tests_xxxd_inputs_zeros_in_middle_bin_len = 54;
