unsigned char tests_xxxd_inputs_zeros_at_end_bin[] = {
  72,101,97,100,101,114,10,0,0,0,0,0,
  0,0,0,0,0,0,0,0,0,0,0,0,
  0,0,0,0,0,0,0,0,0,0,0,0,
  0,0,0,0,0,0,0,0,0,0,0
};
unsigned int tests_xxxd_inputs_zeros_at_end_bin_len = 47;
