unsigned char tests_xxxd_inputs_hello_bin[] = {
	  0x48, 0x65, 0x6c, 0x6c, 0x6f, 0x2c, 0x20, 0x57, 0x6f, 0x72, 0x6c, 0x64,
	  0x21, 0x0a
};
unsigned int tests_xxxd_inputs_hello_bin_len = 14;
