unsigned char tests_xxxd_inputs_two_zero_zones_bin[] = {
	  0x48, 0x65, 0x61, 0x64, 0x65, 0x72, 0x0a, 0x00, 0x00, 0x00, 0x00, 0x00,
	  0x00, 0x00, 0x00, 0x00, 0x00, 0x00, 0x00, 0x00, 0x00, 0x00, 0x00, 0x00,
	  0x00, 0x00, 0x00, 0x00, 0x00, 0x00, 0x00, 0x00, 0x00, 0x00, 0x00, 0x00,
	  0x00, 0x00, 0x00, 0x00, 0x00, 0x00, 0x00, 0x00, 0x00, 0x00, 0x00, 0x4d,
	  0x69, 0x64, 0x64, 0x6c, 0x65, 0x0a, 0x00, 0x00, 0x00, 0x00, 0x00, 0x00,
	  0x00, 0x00, 0x00, 0x00, 0x00, 0x00, 0x00, 0x00, 0x00, 0x00, 0x00, 0x00,
	  0x00, 0x00, 0x00, 0x00, 0x00, 0x00, 0x00, 0x00, 0x00, 0x00, 0x00, 0x00,
	  0x00, 0x00, 0x00, 0x00, 0x00, 0x00, 0x00, 0x00, 0x00, 0x00, 0x46, 0x6f,
	  0x6f, 0x74, 0x65, 0x72, 0x0a
};
unsigned int tests_xxxd_inputs_two_zero_zones_bin_len = 101;
