unsigned char tests_xxxd_inputs_zeros_at_end_bin[] = {
	  0x48, 0x65, 0x61, 0x64, 0x65, 0x72, 0x0a, 0x00, 0x00, 0x00, 0x00, 0x00,
	  0x00, 0x00, 0x00, 0x00, 0x00, 0x00, 0x00, 0x00, 0x00, 0x00, 0x00, 0x00,
	  0x00, 0x00, 0x00, 0x00, 0x00, 0x00, 0x00, 0x00, 0x00, 0x00, 0x00, 0x00,
	  0x00, 0x00, 0x00, 0x00, 0x00, 0x00, 0x00, 0x00, 0x00, 0x00, 0x00
};
unsigned int tests_xxxd_inputs_zeros_at_end_bin_len = 47;
