unsigned char tests_xxxd_inputs_zeros_in_beginning_bin[] = {
	  0x00, 0x00, 0x00, 0x00, 0x00, 0x00, 0x00, 0x00, 0x00, 0x00, 0x00, 0x00,
	  0x00, 0x00, 0x00, 0x00, 0x00, 0x00, 0x00, 0x00, 0x00, 0x00, 0x00, 0x00,
	  0x00, 0x00, 0x00, 0x00, 0x00, 0x00, 0x00, 0x00, 0x00, 0x00, 0x00, 0x00,
	  0x00, 0x00, 0x00, 0x00, 0x46, 0x6f, 0x6f, 0x74, 0x65, 0x72, 0x0a
};
unsigned int tests_xxxd_inputs_zeros_in_beginning_bin_len = 47;
