00000000: 000000000000000000     00000000000000  ................
00000010: 000000000000000000     00000000000000  ................
00000020:   0000000000000000                     ........
