00000000: 6f57202c6f6c6c6548         0a21646c72  Hello, World!.
