00000000: a5c373206e65b8c353     752072a6c37320  S..en s.. s..r u
00000010:             0a2164                     d!.
