00000000: 00000a726564616548     00000000000000  Header..........
00000010: 000000000000000000     00000000000000  ................
00000020: 000000000000000000     46000000000000  ...............F
00000030:       0a7265746f6f                     ooter.
