00000000: 00000a726564616548     00000000000000  Header..........
00000010: 000000000000000000     00000000000000  ................
00000020: 000000000000000000       000000000000  ...............
