00000000: c353 65b8 206e c373 20a5 c373 72a6 7520  S..en s.. s..r u
00000010: 2164   0a                                d!.
