unsigned char TESTS_XXXD_INPUTS_ZEROS_IN_BEGINNING_BIN[] = {
    0x00, 0x00, 0x00, 0x00, 0x00, 0x00, 0x00, 0x00, 0x00, 0x00, 0x00, 0x00,
    0x00, 0x00, 0x00, 0x00, 0x00, 0x00, 0x00, 0x00, 0x00, 0x00, 0x00, 0x00,
    0x00, 0x00, 0x00, 0x00, 0x00, 0x00, 0x00, 0x00, 0x00, 0x00, 0x00, 0x00,
    0x00, 0x00, 0x00, 0x00, 0x46, 0x6f, 0x6f, 0x74, 0x65, 0x72, 0x0a
};
unsigned int TESTS_XXXD_INPUTS_ZEROS_IN_BEGINNING_BIN_LEN = 47;
