unsigned char TESTS_XXXD_INPUTS_ZEROS_IN_MIDDLE_BIN[] = {
    0x48, 0x65, 0x61, 0x64, 0x65, 0x72, 0x0a, 0x00, 0x00, 0x00, 0x00, 0x00,
    0x00, 0x00, 0x00, 0x00, 0x00, 0x00, 0x00, 0x00, 0x00, 0x00, 0x00, 0x00,
    0x00, 0x00, 0x00, 0x00, 0x00, 0x00, 0x00, 0x00, 0x00, 0x00, 0x00, 0x00,
    0x00, 0x00, 0x00, 0x00, 0x00, 0x00, 0x00, 0x00, 0x00, 0x00, 0x00, 0x46,
    0x6f, 0x6f, 0x74, 0x65, 0x72, 0x0a
};
unsigned int TESTS_XXXD_INPUTS_ZEROS_IN_MIDDLE_BIN_LEN = 54;
