unsigned char TESTS_XXXD_INPUTS_ZEROS_AT_END_BIN[] = {
    0x48, 0x65, 0x61, 0x64, 0x65, 0x72, 0x0a, 0x00, 0x00, 0x00, 0x00, 0x00,
    0x00, 0x00, 0x00, 0x00, 0x00, 0x00, 0x00, 0x00, 0x00, 0x00, 0x00, 0x00,
    0x00, 0x00, 0x00, 0x00, 0x00, 0x00, 0x00, 0x00, 0x00, 0x00, 0x00, 0x00,
    0x00, 0x00, 0x00, 0x00, 0x00, 0x00, 0x00, 0x00, 0x00, 0x00, 0x00
};
unsigned int TESTS_XXXD_INPUTS_ZEROS_AT_END_BIN_LEN = 47;
